12a61f4e173fb3a11c05d6471f74728f76231b4a5fcd9667cef3af87a3ae4dc2
