662b9d0e3463029156069b12f918691a98f7dfb2ca0393c96bbfc6b1fbd630a2
